# epconf golden v1 scenario=EPC-14-retry-11h-pending mode=db
[ledger] label partition:offset class enriched/in_advance/dlq committed
warm p0:o0 ENRICHED e=1 a=0 d=0 committed=true
f_pending p0:o1 PENDING_UNCOMMITTED e=0 a=0 d=0 committed=false
[unattributed outputs] 0
[topic events_enriched] 1 record(s)
key="11111111-1111-1111-1111-111111111111-warm" {"aggregation_type":"count","code":"count_calls","external_subscription_id":"sub_ext_1","organization_id":"11111111-1111-1111-1111-111111111111","plan_id":"22222222-2222-2222-2222-222222222222","precise_total_amount_cents":"","properties":{},"subscription_id":"bbbbbbbb-0000-0000-0000-000000000001","timestamp":1759320000,"transaction_id":"warm","value":"1"}
[topic events_charged_in_advance] 0 record(s)
[topic events_dead_letter] 0 record(s)
[commits] group=epconf_events-raw
p0 end=2 committed=1
[redis subscription_refreshed_v2] 1 distinct masked member(s), 0 invalid
11111111-1111-1111-1111-111111111111:bbbbbbbb-0000-0000-0000-000000000001|<BUCKET>
[process]
exit_after_sigterm=0
starts=1
group_present=true other_groups=0
