# epconf golden v1 scenario=EPC-21-restart-graceful mode=db
[ledger] label partition:offset class enriched/in_advance/dlq committed
g000 p0:o0 ENRICHED e=1 a=0 d=0 committed=true
g001 p0:o1 ENRICHED e=1 a=0 d=0 committed=true
g002 p0:o2 ENRICHED e=1 a=0 d=0 committed=true
g003 p0:o3 ENRICHED e=1 a=0 d=0 committed=true
g004 p0:o4 ENRICHED e=1 a=0 d=0 committed=true
g005 p0:o5 ENRICHED e=1 a=0 d=0 committed=true
g006 p0:o6 ENRICHED e=1 a=0 d=0 committed=true
g007 p0:o7 ENRICHED e=1 a=0 d=0 committed=true
g008 p0:o8 ENRICHED e=1 a=0 d=0 committed=true
g009 p0:o9 ENRICHED e=1 a=0 d=0 committed=true
g010 p0:o10 ENRICHED e=1 a=0 d=0 committed=true
g011 p0:o11 ENRICHED e=1 a=0 d=0 committed=true
g012 p0:o12 ENRICHED e=1 a=0 d=0 committed=true
g013 p0:o13 ENRICHED e=1 a=0 d=0 committed=true
g014 p0:o14 ENRICHED e=1 a=0 d=0 committed=true
g015 p0:o15 ENRICHED e=1 a=0 d=0 committed=true
g016 p0:o16 ENRICHED e=1 a=0 d=0 committed=true
g017 p0:o17 ENRICHED e=1 a=0 d=0 committed=true
g018 p0:o18 ENRICHED e=1 a=0 d=0 committed=true
g019 p0:o19 ENRICHED e=1 a=0 d=0 committed=true
g020 p0:o20 ENRICHED e=1 a=0 d=0 committed=true
g021 p0:o21 ENRICHED e=1 a=0 d=0 committed=true
g022 p0:o22 ENRICHED e=1 a=0 d=0 committed=true
g023 p0:o23 ENRICHED e=1 a=0 d=0 committed=true
g024 p0:o24 ENRICHED e=1 a=0 d=0 committed=true
g025 p0:o25 ENRICHED e=1 a=0 d=0 committed=true
g026 p0:o26 ENRICHED e=1 a=0 d=0 committed=true
g027 p0:o27 ENRICHED e=1 a=0 d=0 committed=true
g028 p0:o28 ENRICHED e=1 a=0 d=0 committed=true
g029 p0:o29 ENRICHED e=1 a=0 d=0 committed=true
g030 p0:o30 ENRICHED e=1 a=0 d=0 committed=true
g031 p0:o31 ENRICHED e=1 a=0 d=0 committed=true
g032 p0:o32 ENRICHED e=1 a=0 d=0 committed=true
g033 p0:o33 ENRICHED e=1 a=0 d=0 committed=true
g034 p0:o34 ENRICHED e=1 a=0 d=0 committed=true
g035 p0:o35 ENRICHED e=1 a=0 d=0 committed=true
g036 p0:o36 ENRICHED e=1 a=0 d=0 committed=true
g037 p0:o37 ENRICHED e=1 a=0 d=0 committed=true
g038 p0:o38 ENRICHED e=1 a=0 d=0 committed=true
g039 p0:o39 ENRICHED e=1 a=0 d=0 committed=true
g040 p0:o40 ENRICHED e=1 a=0 d=0 committed=true
g041 p0:o41 ENRICHED e=1 a=0 d=0 committed=true
g042 p0:o42 ENRICHED e=1 a=0 d=0 committed=true
g043 p0:o43 ENRICHED e=1 a=0 d=0 committed=true
g044 p0:o44 ENRICHED e=1 a=0 d=0 committed=true
g045 p0:o45 ENRICHED e=1 a=0 d=0 committed=true
g046 p0:o46 ENRICHED e=1 a=0 d=0 committed=true
g047 p0:o47 ENRICHED e=1 a=0 d=0 committed=true
g048 p0:o48 ENRICHED e=1 a=0 d=0 committed=true
g049 p0:o49 ENRICHED e=1 a=0 d=0 committed=true
g050 p0:o50 ENRICHED e=1 a=0 d=0 committed=true
g051 p0:o51 ENRICHED e=1 a=0 d=0 committed=true
g052 p0:o52 ENRICHED e=1 a=0 d=0 committed=true
g053 p0:o53 ENRICHED e=1 a=0 d=0 committed=true
g054 p0:o54 ENRICHED e=1 a=0 d=0 committed=true
g055 p0:o55 ENRICHED e=1 a=0 d=0 committed=true
g056 p0:o56 ENRICHED e=1 a=0 d=0 committed=true
g057 p0:o57 ENRICHED e=1 a=0 d=0 committed=true
g058 p0:o58 ENRICHED e=1 a=0 d=0 committed=true
g059 p0:o59 ENRICHED e=1 a=0 d=0 committed=true
g060 p0:o60 ENRICHED e=1 a=0 d=0 committed=true
g061 p0:o61 ENRICHED e=1 a=0 d=0 committed=true
g062 p0:o62 ENRICHED e=1 a=0 d=0 committed=true
g063 p0:o63 ENRICHED e=1 a=0 d=0 committed=true
g064 p0:o64 ENRICHED e=1 a=0 d=0 committed=true
g065 p0:o65 ENRICHED e=1 a=0 d=0 committed=true
g066 p0:o66 ENRICHED e=1 a=0 d=0 committed=true
g067 p0:o67 ENRICHED e=1 a=0 d=0 committed=true
g068 p0:o68 ENRICHED e=1 a=0 d=0 committed=true
g069 p0:o69 ENRICHED e=1 a=0 d=0 committed=true
g070 p0:o70 ENRICHED e=1 a=0 d=0 committed=true
g071 p0:o71 ENRICHED e=1 a=0 d=0 committed=true
g072 p0:o72 ENRICHED e=1 a=0 d=0 committed=true
g073 p0:o73 ENRICHED e=1 a=0 d=0 committed=true
g074 p0:o74 ENRICHED e=1 a=0 d=0 committed=true
g075 p0:o75 ENRICHED e=1 a=0 d=0 committed=true
g076 p0:o76 ENRICHED e=1 a=0 d=0 committed=true
g077 p0:o77 ENRICHED e=1 a=0 d=0 committed=true
g078 p0:o78 ENRICHED e=1 a=0 d=0 committed=true
g079 p0:o79 ENRICHED e=1 a=0 d=0 committed=true
g080 p0:o80 ENRICHED e=1 a=0 d=0 committed=true
g081 p0:o81 ENRICHED e=1 a=0 d=0 committed=true
g082 p0:o82 ENRICHED e=1 a=0 d=0 committed=true
g083 p0:o83 ENRICHED e=1 a=0 d=0 committed=true
g084 p0:o84 ENRICHED e=1 a=0 d=0 committed=true
g085 p0:o85 ENRICHED e=1 a=0 d=0 committed=true
g086 p0:o86 ENRICHED e=1 a=0 d=0 committed=true
g087 p0:o87 ENRICHED e=1 a=0 d=0 committed=true
g088 p0:o88 ENRICHED e=1 a=0 d=0 committed=true
g089 p0:o89 ENRICHED e=1 a=0 d=0 committed=true
g090 p0:o90 ENRICHED e=1 a=0 d=0 committed=true
g091 p0:o91 ENRICHED e=1 a=0 d=0 committed=true
g092 p0:o92 ENRICHED e=1 a=0 d=0 committed=true
g093 p0:o93 ENRICHED e=1 a=0 d=0 committed=true
g094 p0:o94 ENRICHED e=1 a=0 d=0 committed=true
g095 p0:o95 ENRICHED e=1 a=0 d=0 committed=true
g096 p0:o96 ENRICHED e=1 a=0 d=0 committed=true
g097 p0:o97 ENRICHED e=1 a=0 d=0 committed=true
g098 p0:o98 ENRICHED e=1 a=0 d=0 committed=true
g099 p0:o99 ENRICHED e=1 a=0 d=0 committed=true
g100 p0:o100 ENRICHED e=1 a=0 d=0 committed=true
g101 p0:o101 ENRICHED e=1 a=0 d=0 committed=true
g102 p0:o102 ENRICHED e=1 a=0 d=0 committed=true
g103 p0:o103 ENRICHED e=1 a=0 d=0 committed=true
g104 p0:o104 ENRICHED e=1 a=0 d=0 committed=true
g105 p0:o105 ENRICHED e=1 a=0 d=0 committed=true
g106 p0:o106 ENRICHED e=1 a=0 d=0 committed=true
g107 p0:o107 ENRICHED e=1 a=0 d=0 committed=true
g108 p0:o108 ENRICHED e=1 a=0 d=0 committed=true
g109 p0:o109 ENRICHED e=1 a=0 d=0 committed=true
g110 p0:o110 ENRICHED e=1 a=0 d=0 committed=true
g111 p0:o111 ENRICHED e=1 a=0 d=0 committed=true
g112 p0:o112 ENRICHED e=1 a=0 d=0 committed=true
g113 p0:o113 ENRICHED e=1 a=0 d=0 committed=true
g114 p0:o114 ENRICHED e=1 a=0 d=0 committed=true
g115 p0:o115 ENRICHED e=1 a=0 d=0 committed=true
g116 p0:o116 ENRICHED e=1 a=0 d=0 committed=true
g117 p0:o117 ENRICHED e=1 a=0 d=0 committed=true
g118 p0:o118 ENRICHED e=1 a=0 d=0 committed=true
g119 p0:o119 ENRICHED e=1 a=0 d=0 committed=true
g120 p0:o120 ENRICHED e=1 a=0 d=0 committed=true
g121 p0:o121 ENRICHED e=1 a=0 d=0 committed=true
g122 p0:o122 ENRICHED e=1 a=0 d=0 committed=true
g123 p0:o123 ENRICHED e=1 a=0 d=0 committed=true
g124 p0:o124 ENRICHED e=1 a=0 d=0 committed=true
g125 p0:o125 ENRICHED e=1 a=0 d=0 committed=true
g126 p0:o126 ENRICHED e=1 a=0 d=0 committed=true
g127 p0:o127 ENRICHED e=1 a=0 d=0 committed=true
g128 p0:o128 ENRICHED e=1 a=0 d=0 committed=true
g129 p0:o129 ENRICHED e=1 a=0 d=0 committed=true
g130 p0:o130 ENRICHED e=1 a=0 d=0 committed=true
g131 p0:o131 ENRICHED e=1 a=0 d=0 committed=true
g132 p0:o132 ENRICHED e=1 a=0 d=0 committed=true
g133 p0:o133 ENRICHED e=1 a=0 d=0 committed=true
g134 p0:o134 ENRICHED e=1 a=0 d=0 committed=true
g135 p0:o135 ENRICHED e=1 a=0 d=0 committed=true
g136 p0:o136 ENRICHED e=1 a=0 d=0 committed=true
g137 p0:o137 ENRICHED e=1 a=0 d=0 committed=true
g138 p0:o138 ENRICHED e=1 a=0 d=0 committed=true
g139 p0:o139 ENRICHED e=1 a=0 d=0 committed=true
g140 p0:o140 ENRICHED e=1 a=0 d=0 committed=true
g141 p0:o141 ENRICHED e=1 a=0 d=0 committed=true
g142 p0:o142 ENRICHED e=1 a=0 d=0 committed=true
g143 p0:o143 ENRICHED e=1 a=0 d=0 committed=true
g144 p0:o144 ENRICHED e=1 a=0 d=0 committed=true
g145 p0:o145 ENRICHED e=1 a=0 d=0 committed=true
g146 p0:o146 ENRICHED e=1 a=0 d=0 committed=true
g147 p0:o147 ENRICHED e=1 a=0 d=0 committed=true
g148 p0:o148 ENRICHED e=1 a=0 d=0 committed=true
g149 p0:o149 ENRICHED e=1 a=0 d=0 committed=true
g150 p0:o150 ENRICHED e=1 a=0 d=0 committed=true
g151 p0:o151 ENRICHED e=1 a=0 d=0 committed=true
g152 p0:o152 ENRICHED e=1 a=0 d=0 committed=true
g153 p0:o153 ENRICHED e=1 a=0 d=0 committed=true
g154 p0:o154 ENRICHED e=1 a=0 d=0 committed=true
g155 p0:o155 ENRICHED e=1 a=0 d=0 committed=true
g156 p0:o156 ENRICHED e=1 a=0 d=0 committed=true
g157 p0:o157 ENRICHED e=1 a=0 d=0 committed=true
g158 p0:o158 ENRICHED e=1 a=0 d=0 committed=true
g159 p0:o159 ENRICHED e=1 a=0 d=0 committed=true
g160 p0:o160 ENRICHED e=1 a=0 d=0 committed=true
g161 p0:o161 ENRICHED e=1 a=0 d=0 committed=true
g162 p0:o162 ENRICHED e=1 a=0 d=0 committed=true
g163 p0:o163 ENRICHED e=1 a=0 d=0 committed=true
g164 p0:o164 ENRICHED e=1 a=0 d=0 committed=true
g165 p0:o165 ENRICHED e=1 a=0 d=0 committed=true
g166 p0:o166 ENRICHED e=1 a=0 d=0 committed=true
g167 p0:o167 ENRICHED e=1 a=0 d=0 committed=true
g168 p0:o168 ENRICHED e=1 a=0 d=0 committed=true
g169 p0:o169 ENRICHED e=1 a=0 d=0 committed=true
g170 p0:o170 ENRICHED e=1 a=0 d=0 committed=true
g171 p0:o171 ENRICHED e=1 a=0 d=0 committed=true
g172 p0:o172 ENRICHED e=1 a=0 d=0 committed=true
g173 p0:o173 ENRICHED e=1 a=0 d=0 committed=true
g174 p0:o174 ENRICHED e=1 a=0 d=0 committed=true
g175 p0:o175 ENRICHED e=1 a=0 d=0 committed=true
g176 p0:o176 ENRICHED e=1 a=0 d=0 committed=true
g177 p0:o177 ENRICHED e=1 a=0 d=0 committed=true
g178 p0:o178 ENRICHED e=1 a=0 d=0 committed=true
g179 p0:o179 ENRICHED e=1 a=0 d=0 committed=true
g180 p0:o180 ENRICHED e=1 a=0 d=0 committed=true
g181 p0:o181 ENRICHED e=1 a=0 d=0 committed=true
g182 p0:o182 ENRICHED e=1 a=0 d=0 committed=true
g183 p0:o183 ENRICHED e=1 a=0 d=0 committed=true
g184 p0:o184 ENRICHED e=1 a=0 d=0 committed=true
g185 p0:o185 ENRICHED e=1 a=0 d=0 committed=true
g186 p0:o186 ENRICHED e=1 a=0 d=0 committed=true
g187 p0:o187 ENRICHED e=1 a=0 d=0 committed=true
g188 p0:o188 ENRICHED e=1 a=0 d=0 committed=true
g189 p0:o189 ENRICHED e=1 a=0 d=0 committed=true
g190 p0:o190 ENRICHED e=1 a=0 d=0 committed=true
g191 p0:o191 ENRICHED e=1 a=0 d=0 committed=true
g192 p0:o192 ENRICHED e=1 a=0 d=0 committed=true
g193 p0:o193 ENRICHED e=1 a=0 d=0 committed=true
g194 p0:o194 ENRICHED e=1 a=0 d=0 committed=true
g195 p0:o195 ENRICHED e=1 a=0 d=0 committed=true
g196 p0:o196 ENRICHED e=1 a=0 d=0 committed=true
g197 p0:o197 ENRICHED e=1 a=0 d=0 committed=true
g198 p0:o198 ENRICHED e=1 a=0 d=0 committed=true
g199 p0:o199 ENRICHED e=1 a=0 d=0 committed=true
[unattributed outputs] 0
[topic events_enriched] 200 record(s)
key="11111111-1111-1111-1111-111111111111-g000" {"aggregation_type":"count","code":"count_calls","external_subscription_id":"no_such_sub","organization_id":"11111111-1111-1111-1111-111111111111","plan_id":"","precise_total_amount_cents":"","properties":{},"subscription_id":"","timestamp":1759320000,"transaction_id":"g000","value":"1"}
key="11111111-1111-1111-1111-111111111111-g001" {"aggregation_type":"count","code":"count_calls","external_subscription_id":"no_such_sub","organization_id":"11111111-1111-1111-1111-111111111111","plan_id":"","precise_total_amount_cents":"","properties":{},"subscription_id":"","timestamp":1759320000,"transaction_id":"g001","value":"1"}
key="11111111-1111-1111-1111-111111111111-g002" {"aggregation_type":"count","code":"count_calls","external_subscription_id":"no_such_sub","organization_id":"11111111-1111-1111-1111-111111111111","plan_id":"","precise_total_amount_cents":"","properties":{},"subscription_id":"","timestamp":1759320000,"transaction_id":"g002","value":"1"}
key="11111111-1111-1111-1111-111111111111-g003" {"aggregation_type":"count","code":"count_calls","external_subscription_id":"no_such_sub","organization_id":"11111111-1111-1111-1111-111111111111","plan_id":"","precise_total_amount_cents":"","properties":{},"subscription_id":"","timestamp":1759320000,"transaction_id":"g003","value":"1"}
key="11111111-1111-1111-1111-111111111111-g004" {"aggregation_type":"count","code":"count_calls","external_subscription_id":"no_such_sub","organization_id":"11111111-1111-1111-1111-111111111111","plan_id":"","precise_total_amount_cents":"","properties":{},"subscription_id":"","timestamp":1759320000,"transaction_id":"g004","value":"1"}
key="11111111-1111-1111-1111-111111111111-g005" {"aggregation_type":"count","code":"count_calls","external_subscription_id":"no_such_sub","organization_id":"11111111-1111-1111-1111-111111111111","plan_id":"","precise_total_amount_cents":"","properties":{},"subscription_id":"","timestamp":1759320000,"transaction_id":"g005","value":"1"}
key="11111111-1111-1111-1111-111111111111-g006" {"aggregation_type":"count","code":"count_calls","external_subscription_id":"no_such_sub","organization_id":"11111111-1111-1111-1111-111111111111","plan_id":"","precise_total_amount_cents":"","properties":{},"subscription_id":"","timestamp":1759320000,"transaction_id":"g006","value":"1"}
key="11111111-1111-1111-1111-111111111111-g007" {"aggregation_type":"count","code":"count_calls","external_subscription_id":"no_such_sub","organization_id":"11111111-1111-1111-1111-111111111111","plan_id":"","precise_total_amount_cents":"","properties":{},"subscription_id":"","timestamp":1759320000,"transaction_id":"g007","value":"1"}
key="11111111-1111-1111-1111-111111111111-g008" {"aggregation_type":"count","code":"count_calls","external_subscription_id":"no_such_sub","organization_id":"11111111-1111-1111-1111-111111111111","plan_id":"","precise_total_amount_cents":"","properties":{},"subscription_id":"","timestamp":1759320000,"transaction_id":"g008","value":"1"}
key="11111111-1111-1111-1111-111111111111-g009" {"aggregation_type":"count","code":"count_calls","external_subscription_id":"no_such_sub","organization_id":"11111111-1111-1111-1111-111111111111","plan_id":"","precise_total_amount_cents":"","properties":{},"subscription_id":"","timestamp":1759320000,"transaction_id":"g009","value":"1"}
key="11111111-1111-1111-1111-111111111111-g010" {"aggregation_type":"count","code":"count_calls","external_subscription_id":"no_such_sub","organization_id":"11111111-1111-1111-1111-111111111111","plan_id":"","precise_total_amount_cents":"","properties":{},"subscription_id":"","timestamp":1759320000,"transaction_id":"g010","value":"1"}
key="11111111-1111-1111-1111-111111111111-g011" {"aggregation_type":"count","code":"count_calls","external_subscription_id":"no_such_sub","organization_id":"11111111-1111-1111-1111-111111111111","plan_id":"","precise_total_amount_cents":"","properties":{},"subscription_id":"","timestamp":1759320000,"transaction_id":"g011","value":"1"}
key="11111111-1111-1111-1111-111111111111-g012" {"aggregation_type":"count","code":"count_calls","external_subscription_id":"no_such_sub","organization_id":"11111111-1111-1111-1111-111111111111","plan_id":"","precise_total_amount_cents":"","properties":{},"subscription_id":"","timestamp":1759320000,"transaction_id":"g012","value":"1"}
key="11111111-1111-1111-1111-111111111111-g013" {"aggregation_type":"count","code":"count_calls","external_subscription_id":"no_such_sub","organization_id":"11111111-1111-1111-1111-111111111111","plan_id":"","precise_total_amount_cents":"","properties":{},"subscription_id":"","timestamp":1759320000,"transaction_id":"g013","value":"1"}
key="11111111-1111-1111-1111-111111111111-g014" {"aggregation_type":"count","code":"count_calls","external_subscription_id":"no_such_sub","organization_id":"11111111-1111-1111-1111-111111111111","plan_id":"","precise_total_amount_cents":"","properties":{},"subscription_id":"","timestamp":1759320000,"transaction_id":"g014","value":"1"}
key="11111111-1111-1111-1111-111111111111-g015" {"aggregation_type":"count","code":"count_calls","external_subscription_id":"no_such_sub","organization_id":"11111111-1111-1111-1111-111111111111","plan_id":"","precise_total_amount_cents":"","properties":{},"subscription_id":"","timestamp":1759320000,"transaction_id":"g015","value":"1"}
key="11111111-1111-1111-1111-111111111111-g016" {"aggregation_type":"count","code":"count_calls","external_subscription_id":"no_such_sub","organization_id":"11111111-1111-1111-1111-111111111111","plan_id":"","precise_total_amount_cents":"","properties":{},"subscription_id":"","timestamp":1759320000,"transaction_id":"g016","value":"1"}
key="11111111-1111-1111-1111-111111111111-g017" {"aggregation_type":"count","code":"count_calls","external_subscription_id":"no_such_sub","organization_id":"11111111-1111-1111-1111-111111111111","plan_id":"","precise_total_amount_cents":"","properties":{},"subscription_id":"","timestamp":1759320000,"transaction_id":"g017","value":"1"}
key="11111111-1111-1111-1111-111111111111-g018" {"aggregation_type":"count","code":"count_calls","external_subscription_id":"no_such_sub","organization_id":"11111111-1111-1111-1111-111111111111","plan_id":"","precise_total_amount_cents":"","properties":{},"subscription_id":"","timestamp":1759320000,"transaction_id":"g018","value":"1"}
key="11111111-1111-1111-1111-111111111111-g019" {"aggregation_type":"count","code":"count_calls","external_subscription_id":"no_such_sub","organization_id":"11111111-1111-1111-1111-111111111111","plan_id":"","precise_total_amount_cents":"","properties":{},"subscription_id":"","timestamp":1759320000,"transaction_id":"g019","value":"1"}
key="11111111-1111-1111-1111-111111111111-g020" {"aggregation_type":"count","code":"count_calls","external_subscription_id":"no_such_sub","organization_id":"11111111-1111-1111-1111-111111111111","plan_id":"","precise_total_amount_cents":"","properties":{},"subscription_id":"","timestamp":1759320000,"transaction_id":"g020","value":"1"}
key="11111111-1111-1111-1111-111111111111-g021" {"aggregation_type":"count","code":"count_calls","external_subscription_id":"no_such_sub","organization_id":"11111111-1111-1111-1111-111111111111","plan_id":"","precise_total_amount_cents":"","properties":{},"subscription_id":"","timestamp":1759320000,"transaction_id":"g021","value":"1"}
key="11111111-1111-1111-1111-111111111111-g022" {"aggregation_type":"count","code":"count_calls","external_subscription_id":"no_such_sub","organization_id":"11111111-1111-1111-1111-111111111111","plan_id":"","precise_total_amount_cents":"","properties":{},"subscription_id":"","timestamp":1759320000,"transaction_id":"g022","value":"1"}
key="11111111-1111-1111-1111-111111111111-g023" {"aggregation_type":"count","code":"count_calls","external_subscription_id":"no_such_sub","organization_id":"11111111-1111-1111-1111-111111111111","plan_id":"","precise_total_amount_cents":"","properties":{},"subscription_id":"","timestamp":1759320000,"transaction_id":"g023","value":"1"}
key="11111111-1111-1111-1111-111111111111-g024" {"aggregation_type":"count","code":"count_calls","external_subscription_id":"no_such_sub","organization_id":"11111111-1111-1111-1111-111111111111","plan_id":"","precise_total_amount_cents":"","properties":{},"subscription_id":"","timestamp":1759320000,"transaction_id":"g024","value":"1"}
key="11111111-1111-1111-1111-111111111111-g025" {"aggregation_type":"count","code":"count_calls","external_subscription_id":"no_such_sub","organization_id":"11111111-1111-1111-1111-111111111111","plan_id":"","precise_total_amount_cents":"","properties":{},"subscription_id":"","timestamp":1759320000,"transaction_id":"g025","value":"1"}
key="11111111-1111-1111-1111-111111111111-g026" {"aggregation_type":"count","code":"count_calls","external_subscription_id":"no_such_sub","organization_id":"11111111-1111-1111-1111-111111111111","plan_id":"","precise_total_amount_cents":"","properties":{},"subscription_id":"","timestamp":1759320000,"transaction_id":"g026","value":"1"}
key="11111111-1111-1111-1111-111111111111-g027" {"aggregation_type":"count","code":"count_calls","external_subscription_id":"no_such_sub","organization_id":"11111111-1111-1111-1111-111111111111","plan_id":"","precise_total_amount_cents":"","properties":{},"subscription_id":"","timestamp":1759320000,"transaction_id":"g027","value":"1"}
key="11111111-1111-1111-1111-111111111111-g028" {"aggregation_type":"count","code":"count_calls","external_subscription_id":"no_such_sub","organization_id":"11111111-1111-1111-1111-111111111111","plan_id":"","precise_total_amount_cents":"","properties":{},"subscription_id":"","timestamp":1759320000,"transaction_id":"g028","value":"1"}
key="11111111-1111-1111-1111-111111111111-g029" {"aggregation_type":"count","code":"count_calls","external_subscription_id":"no_such_sub","organization_id":"11111111-1111-1111-1111-111111111111","plan_id":"","precise_total_amount_cents":"","properties":{},"subscription_id":"","timestamp":1759320000,"transaction_id":"g029","value":"1"}
key="11111111-1111-1111-1111-111111111111-g030" {"aggregation_type":"count","code":"count_calls","external_subscription_id":"no_such_sub","organization_id":"11111111-1111-1111-1111-111111111111","plan_id":"","precise_total_amount_cents":"","properties":{},"subscription_id":"","timestamp":1759320000,"transaction_id":"g030","value":"1"}
key="11111111-1111-1111-1111-111111111111-g031" {"aggregation_type":"count","code":"count_calls","external_subscription_id":"no_such_sub","organization_id":"11111111-1111-1111-1111-111111111111","plan_id":"","precise_total_amount_cents":"","properties":{},"subscription_id":"","timestamp":1759320000,"transaction_id":"g031","value":"1"}
key="11111111-1111-1111-1111-111111111111-g032" {"aggregation_type":"count","code":"count_calls","external_subscription_id":"no_such_sub","organization_id":"11111111-1111-1111-1111-111111111111","plan_id":"","precise_total_amount_cents":"","properties":{},"subscription_id":"","timestamp":1759320000,"transaction_id":"g032","value":"1"}
key="11111111-1111-1111-1111-111111111111-g033" {"aggregation_type":"count","code":"count_calls","external_subscription_id":"no_such_sub","organization_id":"11111111-1111-1111-1111-111111111111","plan_id":"","precise_total_amount_cents":"","properties":{},"subscription_id":"","timestamp":1759320000,"transaction_id":"g033","value":"1"}
key="11111111-1111-1111-1111-111111111111-g034" {"aggregation_type":"count","code":"count_calls","external_subscription_id":"no_such_sub","organization_id":"11111111-1111-1111-1111-111111111111","plan_id":"","precise_total_amount_cents":"","properties":{},"subscription_id":"","timestamp":1759320000,"transaction_id":"g034","value":"1"}
key="11111111-1111-1111-1111-111111111111-g035" {"aggregation_type":"count","code":"count_calls","external_subscription_id":"no_such_sub","organization_id":"11111111-1111-1111-1111-111111111111","plan_id":"","precise_total_amount_cents":"","properties":{},"subscription_id":"","timestamp":1759320000,"transaction_id":"g035","value":"1"}
key="11111111-1111-1111-1111-111111111111-g036" {"aggregation_type":"count","code":"count_calls","external_subscription_id":"no_such_sub","organization_id":"11111111-1111-1111-1111-111111111111","plan_id":"","precise_total_amount_cents":"","properties":{},"subscription_id":"","timestamp":1759320000,"transaction_id":"g036","value":"1"}
key="11111111-1111-1111-1111-111111111111-g037" {"aggregation_type":"count","code":"count_calls","external_subscription_id":"no_such_sub","organization_id":"11111111-1111-1111-1111-111111111111","plan_id":"","precise_total_amount_cents":"","properties":{},"subscription_id":"","timestamp":1759320000,"transaction_id":"g037","value":"1"}
key="11111111-1111-1111-1111-111111111111-g038" {"aggregation_type":"count","code":"count_calls","external_subscription_id":"no_such_sub","organization_id":"11111111-1111-1111-1111-111111111111","plan_id":"","precise_total_amount_cents":"","properties":{},"subscription_id":"","timestamp":1759320000,"transaction_id":"g038","value":"1"}
key="11111111-1111-1111-1111-111111111111-g039" {"aggregation_type":"count","code":"count_calls","external_subscription_id":"no_such_sub","organization_id":"11111111-1111-1111-1111-111111111111","plan_id":"","precise_total_amount_cents":"","properties":{},"subscription_id":"","timestamp":1759320000,"transaction_id":"g039","value":"1"}
key="11111111-1111-1111-1111-111111111111-g040" {"aggregation_type":"count","code":"count_calls","external_subscription_id":"no_such_sub","organization_id":"11111111-1111-1111-1111-111111111111","plan_id":"","precise_total_amount_cents":"","properties":{},"subscription_id":"","timestamp":1759320000,"transaction_id":"g040","value":"1"}
key="11111111-1111-1111-1111-111111111111-g041" {"aggregation_type":"count","code":"count_calls","external_subscription_id":"no_such_sub","organization_id":"11111111-1111-1111-1111-111111111111","plan_id":"","precise_total_amount_cents":"","properties":{},"subscription_id":"","timestamp":1759320000,"transaction_id":"g041","value":"1"}
key="11111111-1111-1111-1111-111111111111-g042" {"aggregation_type":"count","code":"count_calls","external_subscription_id":"no_such_sub","organization_id":"11111111-1111-1111-1111-111111111111","plan_id":"","precise_total_amount_cents":"","properties":{},"subscription_id":"","timestamp":1759320000,"transaction_id":"g042","value":"1"}
key="11111111-1111-1111-1111-111111111111-g043" {"aggregation_type":"count","code":"count_calls","external_subscription_id":"no_such_sub","organization_id":"11111111-1111-1111-1111-111111111111","plan_id":"","precise_total_amount_cents":"","properties":{},"subscription_id":"","timestamp":1759320000,"transaction_id":"g043","value":"1"}
key="11111111-1111-1111-1111-111111111111-g044" {"aggregation_type":"count","code":"count_calls","external_subscription_id":"no_such_sub","organization_id":"11111111-1111-1111-1111-111111111111","plan_id":"","precise_total_amount_cents":"","properties":{},"subscription_id":"","timestamp":1759320000,"transaction_id":"g044","value":"1"}
key="11111111-1111-1111-1111-111111111111-g045" {"aggregation_type":"count","code":"count_calls","external_subscription_id":"no_such_sub","organization_id":"11111111-1111-1111-1111-111111111111","plan_id":"","precise_total_amount_cents":"","properties":{},"subscription_id":"","timestamp":1759320000,"transaction_id":"g045","value":"1"}
key="11111111-1111-1111-1111-111111111111-g046" {"aggregation_type":"count","code":"count_calls","external_subscription_id":"no_such_sub","organization_id":"11111111-1111-1111-1111-111111111111","plan_id":"","precise_total_amount_cents":"","properties":{},"subscription_id":"","timestamp":1759320000,"transaction_id":"g046","value":"1"}
key="11111111-1111-1111-1111-111111111111-g047" {"aggregation_type":"count","code":"count_calls","external_subscription_id":"no_such_sub","organization_id":"11111111-1111-1111-1111-111111111111","plan_id":"","precise_total_amount_cents":"","properties":{},"subscription_id":"","timestamp":1759320000,"transaction_id":"g047","value":"1"}
key="11111111-1111-1111-1111-111111111111-g048" {"aggregation_type":"count","code":"count_calls","external_subscription_id":"no_such_sub","organization_id":"11111111-1111-1111-1111-111111111111","plan_id":"","precise_total_amount_cents":"","properties":{},"subscription_id":"","timestamp":1759320000,"transaction_id":"g048","value":"1"}
key="11111111-1111-1111-1111-111111111111-g049" {"aggregation_type":"count","code":"count_calls","external_subscription_id":"no_such_sub","organization_id":"11111111-1111-1111-1111-111111111111","plan_id":"","precise_total_amount_cents":"","properties":{},"subscription_id":"","timestamp":1759320000,"transaction_id":"g049","value":"1"}
key="11111111-1111-1111-1111-111111111111-g050" {"aggregation_type":"count","code":"count_calls","external_subscription_id":"no_such_sub","organization_id":"11111111-1111-1111-1111-111111111111","plan_id":"","precise_total_amount_cents":"","properties":{},"subscription_id":"","timestamp":1759320000,"transaction_id":"g050","value":"1"}
key="11111111-1111-1111-1111-111111111111-g051" {"aggregation_type":"count","code":"count_calls","external_subscription_id":"no_such_sub","organization_id":"11111111-1111-1111-1111-111111111111","plan_id":"","precise_total_amount_cents":"","properties":{},"subscription_id":"","timestamp":1759320000,"transaction_id":"g051","value":"1"}
key="11111111-1111-1111-1111-111111111111-g052" {"aggregation_type":"count","code":"count_calls","external_subscription_id":"no_such_sub","organization_id":"11111111-1111-1111-1111-111111111111","plan_id":"","precise_total_amount_cents":"","properties":{},"subscription_id":"","timestamp":1759320000,"transaction_id":"g052","value":"1"}
key="11111111-1111-1111-1111-111111111111-g053" {"aggregation_type":"count","code":"count_calls","external_subscription_id":"no_such_sub","organization_id":"11111111-1111-1111-1111-111111111111","plan_id":"","precise_total_amount_cents":"","properties":{},"subscription_id":"","timestamp":1759320000,"transaction_id":"g053","value":"1"}
key="11111111-1111-1111-1111-111111111111-g054" {"aggregation_type":"count","code":"count_calls","external_subscription_id":"no_such_sub","organization_id":"11111111-1111-1111-1111-111111111111","plan_id":"","precise_total_amount_cents":"","properties":{},"subscription_id":"","timestamp":1759320000,"transaction_id":"g054","value":"1"}
key="11111111-1111-1111-1111-111111111111-g055" {"aggregation_type":"count","code":"count_calls","external_subscription_id":"no_such_sub","organization_id":"11111111-1111-1111-1111-111111111111","plan_id":"","precise_total_amount_cents":"","properties":{},"subscription_id":"","timestamp":1759320000,"transaction_id":"g055","value":"1"}
key="11111111-1111-1111-1111-111111111111-g056" {"aggregation_type":"count","code":"count_calls","external_subscription_id":"no_such_sub","organization_id":"11111111-1111-1111-1111-111111111111","plan_id":"","precise_total_amount_cents":"","properties":{},"subscription_id":"","timestamp":1759320000,"transaction_id":"g056","value":"1"}
key="11111111-1111-1111-1111-111111111111-g057" {"aggregation_type":"count","code":"count_calls","external_subscription_id":"no_such_sub","organization_id":"11111111-1111-1111-1111-111111111111","plan_id":"","precise_total_amount_cents":"","properties":{},"subscription_id":"","timestamp":1759320000,"transaction_id":"g057","value":"1"}
key="11111111-1111-1111-1111-111111111111-g058" {"aggregation_type":"count","code":"count_calls","external_subscription_id":"no_such_sub","organization_id":"11111111-1111-1111-1111-111111111111","plan_id":"","precise_total_amount_cents":"","properties":{},"subscription_id":"","timestamp":1759320000,"transaction_id":"g058","value":"1"}
key="11111111-1111-1111-1111-111111111111-g059" {"aggregation_type":"count","code":"count_calls","external_subscription_id":"no_such_sub","organization_id":"11111111-1111-1111-1111-111111111111","plan_id":"","precise_total_amount_cents":"","properties":{},"subscription_id":"","timestamp":1759320000,"transaction_id":"g059","value":"1"}
key="11111111-1111-1111-1111-111111111111-g060" {"aggregation_type":"count","code":"count_calls","external_subscription_id":"no_such_sub","organization_id":"11111111-1111-1111-1111-111111111111","plan_id":"","precise_total_amount_cents":"","properties":{},"subscription_id":"","timestamp":1759320000,"transaction_id":"g060","value":"1"}
key="11111111-1111-1111-1111-111111111111-g061" {"aggregation_type":"count","code":"count_calls","external_subscription_id":"no_such_sub","organization_id":"11111111-1111-1111-1111-111111111111","plan_id":"","precise_total_amount_cents":"","properties":{},"subscription_id":"","timestamp":1759320000,"transaction_id":"g061","value":"1"}
key="11111111-1111-1111-1111-111111111111-g062" {"aggregation_type":"count","code":"count_calls","external_subscription_id":"no_such_sub","organization_id":"11111111-1111-1111-1111-111111111111","plan_id":"","precise_total_amount_cents":"","properties":{},"subscription_id":"","timestamp":1759320000,"transaction_id":"g062","value":"1"}
key="11111111-1111-1111-1111-111111111111-g063" {"aggregation_type":"count","code":"count_calls","external_subscription_id":"no_such_sub","organization_id":"11111111-1111-1111-1111-111111111111","plan_id":"","precise_total_amount_cents":"","properties":{},"subscription_id":"","timestamp":1759320000,"transaction_id":"g063","value":"1"}
key="11111111-1111-1111-1111-111111111111-g064" {"aggregation_type":"count","code":"count_calls","external_subscription_id":"no_such_sub","organization_id":"11111111-1111-1111-1111-111111111111","plan_id":"","precise_total_amount_cents":"","properties":{},"subscription_id":"","timestamp":1759320000,"transaction_id":"g064","value":"1"}
key="11111111-1111-1111-1111-111111111111-g065" {"aggregation_type":"count","code":"count_calls","external_subscription_id":"no_such_sub","organization_id":"11111111-1111-1111-1111-111111111111","plan_id":"","precise_total_amount_cents":"","properties":{},"subscription_id":"","timestamp":1759320000,"transaction_id":"g065","value":"1"}
key="11111111-1111-1111-1111-111111111111-g066" {"aggregation_type":"count","code":"count_calls","external_subscription_id":"no_such_sub","organization_id":"11111111-1111-1111-1111-111111111111","plan_id":"","precise_total_amount_cents":"","properties":{},"subscription_id":"","timestamp":1759320000,"transaction_id":"g066","value":"1"}
key="11111111-1111-1111-1111-111111111111-g067" {"aggregation_type":"count","code":"count_calls","external_subscription_id":"no_such_sub","organization_id":"11111111-1111-1111-1111-111111111111","plan_id":"","precise_total_amount_cents":"","properties":{},"subscription_id":"","timestamp":1759320000,"transaction_id":"g067","value":"1"}
key="11111111-1111-1111-1111-111111111111-g068" {"aggregation_type":"count","code":"count_calls","external_subscription_id":"no_such_sub","organization_id":"11111111-1111-1111-1111-111111111111","plan_id":"","precise_total_amount_cents":"","properties":{},"subscription_id":"","timestamp":1759320000,"transaction_id":"g068","value":"1"}
key="11111111-1111-1111-1111-111111111111-g069" {"aggregation_type":"count","code":"count_calls","external_subscription_id":"no_such_sub","organization_id":"11111111-1111-1111-1111-111111111111","plan_id":"","precise_total_amount_cents":"","properties":{},"subscription_id":"","timestamp":1759320000,"transaction_id":"g069","value":"1"}
key="11111111-1111-1111-1111-111111111111-g070" {"aggregation_type":"count","code":"count_calls","external_subscription_id":"no_such_sub","organization_id":"11111111-1111-1111-1111-111111111111","plan_id":"","precise_total_amount_cents":"","properties":{},"subscription_id":"","timestamp":1759320000,"transaction_id":"g070","value":"1"}
key="11111111-1111-1111-1111-111111111111-g071" {"aggregation_type":"count","code":"count_calls","external_subscription_id":"no_such_sub","organization_id":"11111111-1111-1111-1111-111111111111","plan_id":"","precise_total_amount_cents":"","properties":{},"subscription_id":"","timestamp":1759320000,"transaction_id":"g071","value":"1"}
key="11111111-1111-1111-1111-111111111111-g072" {"aggregation_type":"count","code":"count_calls","external_subscription_id":"no_such_sub","organization_id":"11111111-1111-1111-1111-111111111111","plan_id":"","precise_total_amount_cents":"","properties":{},"subscription_id":"","timestamp":1759320000,"transaction_id":"g072","value":"1"}
key="11111111-1111-1111-1111-111111111111-g073" {"aggregation_type":"count","code":"count_calls","external_subscription_id":"no_such_sub","organization_id":"11111111-1111-1111-1111-111111111111","plan_id":"","precise_total_amount_cents":"","properties":{},"subscription_id":"","timestamp":1759320000,"transaction_id":"g073","value":"1"}
key="11111111-1111-1111-1111-111111111111-g074" {"aggregation_type":"count","code":"count_calls","external_subscription_id":"no_such_sub","organization_id":"11111111-1111-1111-1111-111111111111","plan_id":"","precise_total_amount_cents":"","properties":{},"subscription_id":"","timestamp":1759320000,"transaction_id":"g074","value":"1"}
key="11111111-1111-1111-1111-111111111111-g075" {"aggregation_type":"count","code":"count_calls","external_subscription_id":"no_such_sub","organization_id":"11111111-1111-1111-1111-111111111111","plan_id":"","precise_total_amount_cents":"","properties":{},"subscription_id":"","timestamp":1759320000,"transaction_id":"g075","value":"1"}
key="11111111-1111-1111-1111-111111111111-g076" {"aggregation_type":"count","code":"count_calls","external_subscription_id":"no_such_sub","organization_id":"11111111-1111-1111-1111-111111111111","plan_id":"","precise_total_amount_cents":"","properties":{},"subscription_id":"","timestamp":1759320000,"transaction_id":"g076","value":"1"}
key="11111111-1111-1111-1111-111111111111-g077" {"aggregation_type":"count","code":"count_calls","external_subscription_id":"no_such_sub","organization_id":"11111111-1111-1111-1111-111111111111","plan_id":"","precise_total_amount_cents":"","properties":{},"subscription_id":"","timestamp":1759320000,"transaction_id":"g077","value":"1"}
key="11111111-1111-1111-1111-111111111111-g078" {"aggregation_type":"count","code":"count_calls","external_subscription_id":"no_such_sub","organization_id":"11111111-1111-1111-1111-111111111111","plan_id":"","precise_total_amount_cents":"","properties":{},"subscription_id":"","timestamp":1759320000,"transaction_id":"g078","value":"1"}
key="11111111-1111-1111-1111-111111111111-g079" {"aggregation_type":"count","code":"count_calls","external_subscription_id":"no_such_sub","organization_id":"11111111-1111-1111-1111-111111111111","plan_id":"","precise_total_amount_cents":"","properties":{},"subscription_id":"","timestamp":1759320000,"transaction_id":"g079","value":"1"}
key="11111111-1111-1111-1111-111111111111-g080" {"aggregation_type":"count","code":"count_calls","external_subscription_id":"no_such_sub","organization_id":"11111111-1111-1111-1111-111111111111","plan_id":"","precise_total_amount_cents":"","properties":{},"subscription_id":"","timestamp":1759320000,"transaction_id":"g080","value":"1"}
key="11111111-1111-1111-1111-111111111111-g081" {"aggregation_type":"count","code":"count_calls","external_subscription_id":"no_such_sub","organization_id":"11111111-1111-1111-1111-111111111111","plan_id":"","precise_total_amount_cents":"","properties":{},"subscription_id":"","timestamp":1759320000,"transaction_id":"g081","value":"1"}
key="11111111-1111-1111-1111-111111111111-g082" {"aggregation_type":"count","code":"count_calls","external_subscription_id":"no_such_sub","organization_id":"11111111-1111-1111-1111-111111111111","plan_id":"","precise_total_amount_cents":"","properties":{},"subscription_id":"","timestamp":1759320000,"transaction_id":"g082","value":"1"}
key="11111111-1111-1111-1111-111111111111-g083" {"aggregation_type":"count","code":"count_calls","external_subscription_id":"no_such_sub","organization_id":"11111111-1111-1111-1111-111111111111","plan_id":"","precise_total_amount_cents":"","properties":{},"subscription_id":"","timestamp":1759320000,"transaction_id":"g083","value":"1"}
key="11111111-1111-1111-1111-111111111111-g084" {"aggregation_type":"count","code":"count_calls","external_subscription_id":"no_such_sub","organization_id":"11111111-1111-1111-1111-111111111111","plan_id":"","precise_total_amount_cents":"","properties":{},"subscription_id":"","timestamp":1759320000,"transaction_id":"g084","value":"1"}
key="11111111-1111-1111-1111-111111111111-g085" {"aggregation_type":"count","code":"count_calls","external_subscription_id":"no_such_sub","organization_id":"11111111-1111-1111-1111-111111111111","plan_id":"","precise_total_amount_cents":"","properties":{},"subscription_id":"","timestamp":1759320000,"transaction_id":"g085","value":"1"}
key="11111111-1111-1111-1111-111111111111-g086" {"aggregation_type":"count","code":"count_calls","external_subscription_id":"no_such_sub","organization_id":"11111111-1111-1111-1111-111111111111","plan_id":"","precise_total_amount_cents":"","properties":{},"subscription_id":"","timestamp":1759320000,"transaction_id":"g086","value":"1"}
key="11111111-1111-1111-1111-111111111111-g087" {"aggregation_type":"count","code":"count_calls","external_subscription_id":"no_such_sub","organization_id":"11111111-1111-1111-1111-111111111111","plan_id":"","precise_total_amount_cents":"","properties":{},"subscription_id":"","timestamp":1759320000,"transaction_id":"g087","value":"1"}
key="11111111-1111-1111-1111-111111111111-g088" {"aggregation_type":"count","code":"count_calls","external_subscription_id":"no_such_sub","organization_id":"11111111-1111-1111-1111-111111111111","plan_id":"","precise_total_amount_cents":"","properties":{},"subscription_id":"","timestamp":1759320000,"transaction_id":"g088","value":"1"}
key="11111111-1111-1111-1111-111111111111-g089" {"aggregation_type":"count","code":"count_calls","external_subscription_id":"no_such_sub","organization_id":"11111111-1111-1111-1111-111111111111","plan_id":"","precise_total_amount_cents":"","properties":{},"subscription_id":"","timestamp":1759320000,"transaction_id":"g089","value":"1"}
key="11111111-1111-1111-1111-111111111111-g090" {"aggregation_type":"count","code":"count_calls","external_subscription_id":"no_such_sub","organization_id":"11111111-1111-1111-1111-111111111111","plan_id":"","precise_total_amount_cents":"","properties":{},"subscription_id":"","timestamp":1759320000,"transaction_id":"g090","value":"1"}
key="11111111-1111-1111-1111-111111111111-g091" {"aggregation_type":"count","code":"count_calls","external_subscription_id":"no_such_sub","organization_id":"11111111-1111-1111-1111-111111111111","plan_id":"","precise_total_amount_cents":"","properties":{},"subscription_id":"","timestamp":1759320000,"transaction_id":"g091","value":"1"}
key="11111111-1111-1111-1111-111111111111-g092" {"aggregation_type":"count","code":"count_calls","external_subscription_id":"no_such_sub","organization_id":"11111111-1111-1111-1111-111111111111","plan_id":"","precise_total_amount_cents":"","properties":{},"subscription_id":"","timestamp":1759320000,"transaction_id":"g092","value":"1"}
key="11111111-1111-1111-1111-111111111111-g093" {"aggregation_type":"count","code":"count_calls","external_subscription_id":"no_such_sub","organization_id":"11111111-1111-1111-1111-111111111111","plan_id":"","precise_total_amount_cents":"","properties":{},"subscription_id":"","timestamp":1759320000,"transaction_id":"g093","value":"1"}
key="11111111-1111-1111-1111-111111111111-g094" {"aggregation_type":"count","code":"count_calls","external_subscription_id":"no_such_sub","organization_id":"11111111-1111-1111-1111-111111111111","plan_id":"","precise_total_amount_cents":"","properties":{},"subscription_id":"","timestamp":1759320000,"transaction_id":"g094","value":"1"}
key="11111111-1111-1111-1111-111111111111-g095" {"aggregation_type":"count","code":"count_calls","external_subscription_id":"no_such_sub","organization_id":"11111111-1111-1111-1111-111111111111","plan_id":"","precise_total_amount_cents":"","properties":{},"subscription_id":"","timestamp":1759320000,"transaction_id":"g095","value":"1"}
key="11111111-1111-1111-1111-111111111111-g096" {"aggregation_type":"count","code":"count_calls","external_subscription_id":"no_such_sub","organization_id":"11111111-1111-1111-1111-111111111111","plan_id":"","precise_total_amount_cents":"","properties":{},"subscription_id":"","timestamp":1759320000,"transaction_id":"g096","value":"1"}
key="11111111-1111-1111-1111-111111111111-g097" {"aggregation_type":"count","code":"count_calls","external_subscription_id":"no_such_sub","organization_id":"11111111-1111-1111-1111-111111111111","plan_id":"","precise_total_amount_cents":"","properties":{},"subscription_id":"","timestamp":1759320000,"transaction_id":"g097","value":"1"}
key="11111111-1111-1111-1111-111111111111-g098" {"aggregation_type":"count","code":"count_calls","external_subscription_id":"no_such_sub","organization_id":"11111111-1111-1111-1111-111111111111","plan_id":"","precise_total_amount_cents":"","properties":{},"subscription_id":"","timestamp":1759320000,"transaction_id":"g098","value":"1"}
key="11111111-1111-1111-1111-111111111111-g099" {"aggregation_type":"count","code":"count_calls","external_subscription_id":"no_such_sub","organization_id":"11111111-1111-1111-1111-111111111111","plan_id":"","precise_total_amount_cents":"","properties":{},"subscription_id":"","timestamp":1759320000,"transaction_id":"g099","value":"1"}
key="11111111-1111-1111-1111-111111111111-g100" {"aggregation_type":"count","code":"count_calls","external_subscription_id":"no_such_sub","organization_id":"11111111-1111-1111-1111-111111111111","plan_id":"","precise_total_amount_cents":"","properties":{},"subscription_id":"","timestamp":1759320000,"transaction_id":"g100","value":"1"}
key="11111111-1111-1111-1111-111111111111-g101" {"aggregation_type":"count","code":"count_calls","external_subscription_id":"no_such_sub","organization_id":"11111111-1111-1111-1111-111111111111","plan_id":"","precise_total_amount_cents":"","properties":{},"subscription_id":"","timestamp":1759320000,"transaction_id":"g101","value":"1"}
key="11111111-1111-1111-1111-111111111111-g102" {"aggregation_type":"count","code":"count_calls","external_subscription_id":"no_such_sub","organization_id":"11111111-1111-1111-1111-111111111111","plan_id":"","precise_total_amount_cents":"","properties":{},"subscription_id":"","timestamp":1759320000,"transaction_id":"g102","value":"1"}
key="11111111-1111-1111-1111-111111111111-g103" {"aggregation_type":"count","code":"count_calls","external_subscription_id":"no_such_sub","organization_id":"11111111-1111-1111-1111-111111111111","plan_id":"","precise_total_amount_cents":"","properties":{},"subscription_id":"","timestamp":1759320000,"transaction_id":"g103","value":"1"}
key="11111111-1111-1111-1111-111111111111-g104" {"aggregation_type":"count","code":"count_calls","external_subscription_id":"no_such_sub","organization_id":"11111111-1111-1111-1111-111111111111","plan_id":"","precise_total_amount_cents":"","properties":{},"subscription_id":"","timestamp":1759320000,"transaction_id":"g104","value":"1"}
key="11111111-1111-1111-1111-111111111111-g105" {"aggregation_type":"count","code":"count_calls","external_subscription_id":"no_such_sub","organization_id":"11111111-1111-1111-1111-111111111111","plan_id":"","precise_total_amount_cents":"","properties":{},"subscription_id":"","timestamp":1759320000,"transaction_id":"g105","value":"1"}
key="11111111-1111-1111-1111-111111111111-g106" {"aggregation_type":"count","code":"count_calls","external_subscription_id":"no_such_sub","organization_id":"11111111-1111-1111-1111-111111111111","plan_id":"","precise_total_amount_cents":"","properties":{},"subscription_id":"","timestamp":1759320000,"transaction_id":"g106","value":"1"}
key="11111111-1111-1111-1111-111111111111-g107" {"aggregation_type":"count","code":"count_calls","external_subscription_id":"no_such_sub","organization_id":"11111111-1111-1111-1111-111111111111","plan_id":"","precise_total_amount_cents":"","properties":{},"subscription_id":"","timestamp":1759320000,"transaction_id":"g107","value":"1"}
key="11111111-1111-1111-1111-111111111111-g108" {"aggregation_type":"count","code":"count_calls","external_subscription_id":"no_such_sub","organization_id":"11111111-1111-1111-1111-111111111111","plan_id":"","precise_total_amount_cents":"","properties":{},"subscription_id":"","timestamp":1759320000,"transaction_id":"g108","value":"1"}
key="11111111-1111-1111-1111-111111111111-g109" {"aggregation_type":"count","code":"count_calls","external_subscription_id":"no_such_sub","organization_id":"11111111-1111-1111-1111-111111111111","plan_id":"","precise_total_amount_cents":"","properties":{},"subscription_id":"","timestamp":1759320000,"transaction_id":"g109","value":"1"}
key="11111111-1111-1111-1111-111111111111-g110" {"aggregation_type":"count","code":"count_calls","external_subscription_id":"no_such_sub","organization_id":"11111111-1111-1111-1111-111111111111","plan_id":"","precise_total_amount_cents":"","properties":{},"subscription_id":"","timestamp":1759320000,"transaction_id":"g110","value":"1"}
key="11111111-1111-1111-1111-111111111111-g111" {"aggregation_type":"count","code":"count_calls","external_subscription_id":"no_such_sub","organization_id":"11111111-1111-1111-1111-111111111111","plan_id":"","precise_total_amount_cents":"","properties":{},"subscription_id":"","timestamp":1759320000,"transaction_id":"g111","value":"1"}
key="11111111-1111-1111-1111-111111111111-g112" {"aggregation_type":"count","code":"count_calls","external_subscription_id":"no_such_sub","organization_id":"11111111-1111-1111-1111-111111111111","plan_id":"","precise_total_amount_cents":"","properties":{},"subscription_id":"","timestamp":1759320000,"transaction_id":"g112","value":"1"}
key="11111111-1111-1111-1111-111111111111-g113" {"aggregation_type":"count","code":"count_calls","external_subscription_id":"no_such_sub","organization_id":"11111111-1111-1111-1111-111111111111","plan_id":"","precise_total_amount_cents":"","properties":{},"subscription_id":"","timestamp":1759320000,"transaction_id":"g113","value":"1"}
key="11111111-1111-1111-1111-111111111111-g114" {"aggregation_type":"count","code":"count_calls","external_subscription_id":"no_such_sub","organization_id":"11111111-1111-1111-1111-111111111111","plan_id":"","precise_total_amount_cents":"","properties":{},"subscription_id":"","timestamp":1759320000,"transaction_id":"g114","value":"1"}
key="11111111-1111-1111-1111-111111111111-g115" {"aggregation_type":"count","code":"count_calls","external_subscription_id":"no_such_sub","organization_id":"11111111-1111-1111-1111-111111111111","plan_id":"","precise_total_amount_cents":"","properties":{},"subscription_id":"","timestamp":1759320000,"transaction_id":"g115","value":"1"}
key="11111111-1111-1111-1111-111111111111-g116" {"aggregation_type":"count","code":"count_calls","external_subscription_id":"no_such_sub","organization_id":"11111111-1111-1111-1111-111111111111","plan_id":"","precise_total_amount_cents":"","properties":{},"subscription_id":"","timestamp":1759320000,"transaction_id":"g116","value":"1"}
key="11111111-1111-1111-1111-111111111111-g117" {"aggregation_type":"count","code":"count_calls","external_subscription_id":"no_such_sub","organization_id":"11111111-1111-1111-1111-111111111111","plan_id":"","precise_total_amount_cents":"","properties":{},"subscription_id":"","timestamp":1759320000,"transaction_id":"g117","value":"1"}
key="11111111-1111-1111-1111-111111111111-g118" {"aggregation_type":"count","code":"count_calls","external_subscription_id":"no_such_sub","organization_id":"11111111-1111-1111-1111-111111111111","plan_id":"","precise_total_amount_cents":"","properties":{},"subscription_id":"","timestamp":1759320000,"transaction_id":"g118","value":"1"}
key="11111111-1111-1111-1111-111111111111-g119" {"aggregation_type":"count","code":"count_calls","external_subscription_id":"no_such_sub","organization_id":"11111111-1111-1111-1111-111111111111","plan_id":"","precise_total_amount_cents":"","properties":{},"subscription_id":"","timestamp":1759320000,"transaction_id":"g119","value":"1"}
key="11111111-1111-1111-1111-111111111111-g120" {"aggregation_type":"count","code":"count_calls","external_subscription_id":"no_such_sub","organization_id":"11111111-1111-1111-1111-111111111111","plan_id":"","precise_total_amount_cents":"","properties":{},"subscription_id":"","timestamp":1759320000,"transaction_id":"g120","value":"1"}
key="11111111-1111-1111-1111-111111111111-g121" {"aggregation_type":"count","code":"count_calls","external_subscription_id":"no_such_sub","organization_id":"11111111-1111-1111-1111-111111111111","plan_id":"","precise_total_amount_cents":"","properties":{},"subscription_id":"","timestamp":1759320000,"transaction_id":"g121","value":"1"}
key="11111111-1111-1111-1111-111111111111-g122" {"aggregation_type":"count","code":"count_calls","external_subscription_id":"no_such_sub","organization_id":"11111111-1111-1111-1111-111111111111","plan_id":"","precise_total_amount_cents":"","properties":{},"subscription_id":"","timestamp":1759320000,"transaction_id":"g122","value":"1"}
key="11111111-1111-1111-1111-111111111111-g123" {"aggregation_type":"count","code":"count_calls","external_subscription_id":"no_such_sub","organization_id":"11111111-1111-1111-1111-111111111111","plan_id":"","precise_total_amount_cents":"","properties":{},"subscription_id":"","timestamp":1759320000,"transaction_id":"g123","value":"1"}
key="11111111-1111-1111-1111-111111111111-g124" {"aggregation_type":"count","code":"count_calls","external_subscription_id":"no_such_sub","organization_id":"11111111-1111-1111-1111-111111111111","plan_id":"","precise_total_amount_cents":"","properties":{},"subscription_id":"","timestamp":1759320000,"transaction_id":"g124","value":"1"}
key="11111111-1111-1111-1111-111111111111-g125" {"aggregation_type":"count","code":"count_calls","external_subscription_id":"no_such_sub","organization_id":"11111111-1111-1111-1111-111111111111","plan_id":"","precise_total_amount_cents":"","properties":{},"subscription_id":"","timestamp":1759320000,"transaction_id":"g125","value":"1"}
key="11111111-1111-1111-1111-111111111111-g126" {"aggregation_type":"count","code":"count_calls","external_subscription_id":"no_such_sub","organization_id":"11111111-1111-1111-1111-111111111111","plan_id":"","precise_total_amount_cents":"","properties":{},"subscription_id":"","timestamp":1759320000,"transaction_id":"g126","value":"1"}
key="11111111-1111-1111-1111-111111111111-g127" {"aggregation_type":"count","code":"count_calls","external_subscription_id":"no_such_sub","organization_id":"11111111-1111-1111-1111-111111111111","plan_id":"","precise_total_amount_cents":"","properties":{},"subscription_id":"","timestamp":1759320000,"transaction_id":"g127","value":"1"}
key="11111111-1111-1111-1111-111111111111-g128" {"aggregation_type":"count","code":"count_calls","external_subscription_id":"no_such_sub","organization_id":"11111111-1111-1111-1111-111111111111","plan_id":"","precise_total_amount_cents":"","properties":{},"subscription_id":"","timestamp":1759320000,"transaction_id":"g128","value":"1"}
key="11111111-1111-1111-1111-111111111111-g129" {"aggregation_type":"count","code":"count_calls","external_subscription_id":"no_such_sub","organization_id":"11111111-1111-1111-1111-111111111111","plan_id":"","precise_total_amount_cents":"","properties":{},"subscription_id":"","timestamp":1759320000,"transaction_id":"g129","value":"1"}
key="11111111-1111-1111-1111-111111111111-g130" {"aggregation_type":"count","code":"count_calls","external_subscription_id":"no_such_sub","organization_id":"11111111-1111-1111-1111-111111111111","plan_id":"","precise_total_amount_cents":"","properties":{},"subscription_id":"","timestamp":1759320000,"transaction_id":"g130","value":"1"}
key="11111111-1111-1111-1111-111111111111-g131" {"aggregation_type":"count","code":"count_calls","external_subscription_id":"no_such_sub","organization_id":"11111111-1111-1111-1111-111111111111","plan_id":"","precise_total_amount_cents":"","properties":{},"subscription_id":"","timestamp":1759320000,"transaction_id":"g131","value":"1"}
key="11111111-1111-1111-1111-111111111111-g132" {"aggregation_type":"count","code":"count_calls","external_subscription_id":"no_such_sub","organization_id":"11111111-1111-1111-1111-111111111111","plan_id":"","precise_total_amount_cents":"","properties":{},"subscription_id":"","timestamp":1759320000,"transaction_id":"g132","value":"1"}
key="11111111-1111-1111-1111-111111111111-g133" {"aggregation_type":"count","code":"count_calls","external_subscription_id":"no_such_sub","organization_id":"11111111-1111-1111-1111-111111111111","plan_id":"","precise_total_amount_cents":"","properties":{},"subscription_id":"","timestamp":1759320000,"transaction_id":"g133","value":"1"}
key="11111111-1111-1111-1111-111111111111-g134" {"aggregation_type":"count","code":"count_calls","external_subscription_id":"no_such_sub","organization_id":"11111111-1111-1111-1111-111111111111","plan_id":"","precise_total_amount_cents":"","properties":{},"subscription_id":"","timestamp":1759320000,"transaction_id":"g134","value":"1"}
key="11111111-1111-1111-1111-111111111111-g135" {"aggregation_type":"count","code":"count_calls","external_subscription_id":"no_such_sub","organization_id":"11111111-1111-1111-1111-111111111111","plan_id":"","precise_total_amount_cents":"","properties":{},"subscription_id":"","timestamp":1759320000,"transaction_id":"g135","value":"1"}
key="11111111-1111-1111-1111-111111111111-g136" {"aggregation_type":"count","code":"count_calls","external_subscription_id":"no_such_sub","organization_id":"11111111-1111-1111-1111-111111111111","plan_id":"","precise_total_amount_cents":"","properties":{},"subscription_id":"","timestamp":1759320000,"transaction_id":"g136","value":"1"}
key="11111111-1111-1111-1111-111111111111-g137" {"aggregation_type":"count","code":"count_calls","external_subscription_id":"no_such_sub","organization_id":"11111111-1111-1111-1111-111111111111","plan_id":"","precise_total_amount_cents":"","properties":{},"subscription_id":"","timestamp":1759320000,"transaction_id":"g137","value":"1"}
key="11111111-1111-1111-1111-111111111111-g138" {"aggregation_type":"count","code":"count_calls","external_subscription_id":"no_such_sub","organization_id":"11111111-1111-1111-1111-111111111111","plan_id":"","precise_total_amount_cents":"","properties":{},"subscription_id":"","timestamp":1759320000,"transaction_id":"g138","value":"1"}
key="11111111-1111-1111-1111-111111111111-g139" {"aggregation_type":"count","code":"count_calls","external_subscription_id":"no_such_sub","organization_id":"11111111-1111-1111-1111-111111111111","plan_id":"","precise_total_amount_cents":"","properties":{},"subscription_id":"","timestamp":1759320000,"transaction_id":"g139","value":"1"}
key="11111111-1111-1111-1111-111111111111-g140" {"aggregation_type":"count","code":"count_calls","external_subscription_id":"no_such_sub","organization_id":"11111111-1111-1111-1111-111111111111","plan_id":"","precise_total_amount_cents":"","properties":{},"subscription_id":"","timestamp":1759320000,"transaction_id":"g140","value":"1"}
key="11111111-1111-1111-1111-111111111111-g141" {"aggregation_type":"count","code":"count_calls","external_subscription_id":"no_such_sub","organization_id":"11111111-1111-1111-1111-111111111111","plan_id":"","precise_total_amount_cents":"","properties":{},"subscription_id":"","timestamp":1759320000,"transaction_id":"g141","value":"1"}
key="11111111-1111-1111-1111-111111111111-g142" {"aggregation_type":"count","code":"count_calls","external_subscription_id":"no_such_sub","organization_id":"11111111-1111-1111-1111-111111111111","plan_id":"","precise_total_amount_cents":"","properties":{},"subscription_id":"","timestamp":1759320000,"transaction_id":"g142","value":"1"}
key="11111111-1111-1111-1111-111111111111-g143" {"aggregation_type":"count","code":"count_calls","external_subscription_id":"no_such_sub","organization_id":"11111111-1111-1111-1111-111111111111","plan_id":"","precise_total_amount_cents":"","properties":{},"subscription_id":"","timestamp":1759320000,"transaction_id":"g143","value":"1"}
key="11111111-1111-1111-1111-111111111111-g144" {"aggregation_type":"count","code":"count_calls","external_subscription_id":"no_such_sub","organization_id":"11111111-1111-1111-1111-111111111111","plan_id":"","precise_total_amount_cents":"","properties":{},"subscription_id":"","timestamp":1759320000,"transaction_id":"g144","value":"1"}
key="11111111-1111-1111-1111-111111111111-g145" {"aggregation_type":"count","code":"count_calls","external_subscription_id":"no_such_sub","organization_id":"11111111-1111-1111-1111-111111111111","plan_id":"","precise_total_amount_cents":"","properties":{},"subscription_id":"","timestamp":1759320000,"transaction_id":"g145","value":"1"}
key="11111111-1111-1111-1111-111111111111-g146" {"aggregation_type":"count","code":"count_calls","external_subscription_id":"no_such_sub","organization_id":"11111111-1111-1111-1111-111111111111","plan_id":"","precise_total_amount_cents":"","properties":{},"subscription_id":"","timestamp":1759320000,"transaction_id":"g146","value":"1"}
key="11111111-1111-1111-1111-111111111111-g147" {"aggregation_type":"count","code":"count_calls","external_subscription_id":"no_such_sub","organization_id":"11111111-1111-1111-1111-111111111111","plan_id":"","precise_total_amount_cents":"","properties":{},"subscription_id":"","timestamp":1759320000,"transaction_id":"g147","value":"1"}
key="11111111-1111-1111-1111-111111111111-g148" {"aggregation_type":"count","code":"count_calls","external_subscription_id":"no_such_sub","organization_id":"11111111-1111-1111-1111-111111111111","plan_id":"","precise_total_amount_cents":"","properties":{},"subscription_id":"","timestamp":1759320000,"transaction_id":"g148","value":"1"}
key="11111111-1111-1111-1111-111111111111-g149" {"aggregation_type":"count","code":"count_calls","external_subscription_id":"no_such_sub","organization_id":"11111111-1111-1111-1111-111111111111","plan_id":"","precise_total_amount_cents":"","properties":{},"subscription_id":"","timestamp":1759320000,"transaction_id":"g149","value":"1"}
key="11111111-1111-1111-1111-111111111111-g150" {"aggregation_type":"count","code":"count_calls","external_subscription_id":"no_such_sub","organization_id":"11111111-1111-1111-1111-111111111111","plan_id":"","precise_total_amount_cents":"","properties":{},"subscription_id":"","timestamp":1759320000,"transaction_id":"g150","value":"1"}
key="11111111-1111-1111-1111-111111111111-g151" {"aggregation_type":"count","code":"count_calls","external_subscription_id":"no_such_sub","organization_id":"11111111-1111-1111-1111-111111111111","plan_id":"","precise_total_amount_cents":"","properties":{},"subscription_id":"","timestamp":1759320000,"transaction_id":"g151","value":"1"}
key="11111111-1111-1111-1111-111111111111-g152" {"aggregation_type":"count","code":"count_calls","external_subscription_id":"no_such_sub","organization_id":"11111111-1111-1111-1111-111111111111","plan_id":"","precise_total_amount_cents":"","properties":{},"subscription_id":"","timestamp":1759320000,"transaction_id":"g152","value":"1"}
key="11111111-1111-1111-1111-111111111111-g153" {"aggregation_type":"count","code":"count_calls","external_subscription_id":"no_such_sub","organization_id":"11111111-1111-1111-1111-111111111111","plan_id":"","precise_total_amount_cents":"","properties":{},"subscription_id":"","timestamp":1759320000,"transaction_id":"g153","value":"1"}
key="11111111-1111-1111-1111-111111111111-g154" {"aggregation_type":"count","code":"count_calls","external_subscription_id":"no_such_sub","organization_id":"11111111-1111-1111-1111-111111111111","plan_id":"","precise_total_amount_cents":"","properties":{},"subscription_id":"","timestamp":1759320000,"transaction_id":"g154","value":"1"}
key="11111111-1111-1111-1111-111111111111-g155" {"aggregation_type":"count","code":"count_calls","external_subscription_id":"no_such_sub","organization_id":"11111111-1111-1111-1111-111111111111","plan_id":"","precise_total_amount_cents":"","properties":{},"subscription_id":"","timestamp":1759320000,"transaction_id":"g155","value":"1"}
key="11111111-1111-1111-1111-111111111111-g156" {"aggregation_type":"count","code":"count_calls","external_subscription_id":"no_such_sub","organization_id":"11111111-1111-1111-1111-111111111111","plan_id":"","precise_total_amount_cents":"","properties":{},"subscription_id":"","timestamp":1759320000,"transaction_id":"g156","value":"1"}
key="11111111-1111-1111-1111-111111111111-g157" {"aggregation_type":"count","code":"count_calls","external_subscription_id":"no_such_sub","organization_id":"11111111-1111-1111-1111-111111111111","plan_id":"","precise_total_amount_cents":"","properties":{},"subscription_id":"","timestamp":1759320000,"transaction_id":"g157","value":"1"}
key="11111111-1111-1111-1111-111111111111-g158" {"aggregation_type":"count","code":"count_calls","external_subscription_id":"no_such_sub","organization_id":"11111111-1111-1111-1111-111111111111","plan_id":"","precise_total_amount_cents":"","properties":{},"subscription_id":"","timestamp":1759320000,"transaction_id":"g158","value":"1"}
key="11111111-1111-1111-1111-111111111111-g159" {"aggregation_type":"count","code":"count_calls","external_subscription_id":"no_such_sub","organization_id":"11111111-1111-1111-1111-111111111111","plan_id":"","precise_total_amount_cents":"","properties":{},"subscription_id":"","timestamp":1759320000,"transaction_id":"g159","value":"1"}
key="11111111-1111-1111-1111-111111111111-g160" {"aggregation_type":"count","code":"count_calls","external_subscription_id":"no_such_sub","organization_id":"11111111-1111-1111-1111-111111111111","plan_id":"","precise_total_amount_cents":"","properties":{},"subscription_id":"","timestamp":1759320000,"transaction_id":"g160","value":"1"}
key="11111111-1111-1111-1111-111111111111-g161" {"aggregation_type":"count","code":"count_calls","external_subscription_id":"no_such_sub","organization_id":"11111111-1111-1111-1111-111111111111","plan_id":"","precise_total_amount_cents":"","properties":{},"subscription_id":"","timestamp":1759320000,"transaction_id":"g161","value":"1"}
key="11111111-1111-1111-1111-111111111111-g162" {"aggregation_type":"count","code":"count_calls","external_subscription_id":"no_such_sub","organization_id":"11111111-1111-1111-1111-111111111111","plan_id":"","precise_total_amount_cents":"","properties":{},"subscription_id":"","timestamp":1759320000,"transaction_id":"g162","value":"1"}
key="11111111-1111-1111-1111-111111111111-g163" {"aggregation_type":"count","code":"count_calls","external_subscription_id":"no_such_sub","organization_id":"11111111-1111-1111-1111-111111111111","plan_id":"","precise_total_amount_cents":"","properties":{},"subscription_id":"","timestamp":1759320000,"transaction_id":"g163","value":"1"}
key="11111111-1111-1111-1111-111111111111-g164" {"aggregation_type":"count","code":"count_calls","external_subscription_id":"no_such_sub","organization_id":"11111111-1111-1111-1111-111111111111","plan_id":"","precise_total_amount_cents":"","properties":{},"subscription_id":"","timestamp":1759320000,"transaction_id":"g164","value":"1"}
key="11111111-1111-1111-1111-111111111111-g165" {"aggregation_type":"count","code":"count_calls","external_subscription_id":"no_such_sub","organization_id":"11111111-1111-1111-1111-111111111111","plan_id":"","precise_total_amount_cents":"","properties":{},"subscription_id":"","timestamp":1759320000,"transaction_id":"g165","value":"1"}
key="11111111-1111-1111-1111-111111111111-g166" {"aggregation_type":"count","code":"count_calls","external_subscription_id":"no_such_sub","organization_id":"11111111-1111-1111-1111-111111111111","plan_id":"","precise_total_amount_cents":"","properties":{},"subscription_id":"","timestamp":1759320000,"transaction_id":"g166","value":"1"}
key="11111111-1111-1111-1111-111111111111-g167" {"aggregation_type":"count","code":"count_calls","external_subscription_id":"no_such_sub","organization_id":"11111111-1111-1111-1111-111111111111","plan_id":"","precise_total_amount_cents":"","properties":{},"subscription_id":"","timestamp":1759320000,"transaction_id":"g167","value":"1"}
key="11111111-1111-1111-1111-111111111111-g168" {"aggregation_type":"count","code":"count_calls","external_subscription_id":"no_such_sub","organization_id":"11111111-1111-1111-1111-111111111111","plan_id":"","precise_total_amount_cents":"","properties":{},"subscription_id":"","timestamp":1759320000,"transaction_id":"g168","value":"1"}
key="11111111-1111-1111-1111-111111111111-g169" {"aggregation_type":"count","code":"count_calls","external_subscription_id":"no_such_sub","organization_id":"11111111-1111-1111-1111-111111111111","plan_id":"","precise_total_amount_cents":"","properties":{},"subscription_id":"","timestamp":1759320000,"transaction_id":"g169","value":"1"}
key="11111111-1111-1111-1111-111111111111-g170" {"aggregation_type":"count","code":"count_calls","external_subscription_id":"no_such_sub","organization_id":"11111111-1111-1111-1111-111111111111","plan_id":"","precise_total_amount_cents":"","properties":{},"subscription_id":"","timestamp":1759320000,"transaction_id":"g170","value":"1"}
key="11111111-1111-1111-1111-111111111111-g171" {"aggregation_type":"count","code":"count_calls","external_subscription_id":"no_such_sub","organization_id":"11111111-1111-1111-1111-111111111111","plan_id":"","precise_total_amount_cents":"","properties":{},"subscription_id":"","timestamp":1759320000,"transaction_id":"g171","value":"1"}
key="11111111-1111-1111-1111-111111111111-g172" {"aggregation_type":"count","code":"count_calls","external_subscription_id":"no_such_sub","organization_id":"11111111-1111-1111-1111-111111111111","plan_id":"","precise_total_amount_cents":"","properties":{},"subscription_id":"","timestamp":1759320000,"transaction_id":"g172","value":"1"}
key="11111111-1111-1111-1111-111111111111-g173" {"aggregation_type":"count","code":"count_calls","external_subscription_id":"no_such_sub","organization_id":"11111111-1111-1111-1111-111111111111","plan_id":"","precise_total_amount_cents":"","properties":{},"subscription_id":"","timestamp":1759320000,"transaction_id":"g173","value":"1"}
key="11111111-1111-1111-1111-111111111111-g174" {"aggregation_type":"count","code":"count_calls","external_subscription_id":"no_such_sub","organization_id":"11111111-1111-1111-1111-111111111111","plan_id":"","precise_total_amount_cents":"","properties":{},"subscription_id":"","timestamp":1759320000,"transaction_id":"g174","value":"1"}
key="11111111-1111-1111-1111-111111111111-g175" {"aggregation_type":"count","code":"count_calls","external_subscription_id":"no_such_sub","organization_id":"11111111-1111-1111-1111-111111111111","plan_id":"","precise_total_amount_cents":"","properties":{},"subscription_id":"","timestamp":1759320000,"transaction_id":"g175","value":"1"}
key="11111111-1111-1111-1111-111111111111-g176" {"aggregation_type":"count","code":"count_calls","external_subscription_id":"no_such_sub","organization_id":"11111111-1111-1111-1111-111111111111","plan_id":"","precise_total_amount_cents":"","properties":{},"subscription_id":"","timestamp":1759320000,"transaction_id":"g176","value":"1"}
key="11111111-1111-1111-1111-111111111111-g177" {"aggregation_type":"count","code":"count_calls","external_subscription_id":"no_such_sub","organization_id":"11111111-1111-1111-1111-111111111111","plan_id":"","precise_total_amount_cents":"","properties":{},"subscription_id":"","timestamp":1759320000,"transaction_id":"g177","value":"1"}
key="11111111-1111-1111-1111-111111111111-g178" {"aggregation_type":"count","code":"count_calls","external_subscription_id":"no_such_sub","organization_id":"11111111-1111-1111-1111-111111111111","plan_id":"","precise_total_amount_cents":"","properties":{},"subscription_id":"","timestamp":1759320000,"transaction_id":"g178","value":"1"}
key="11111111-1111-1111-1111-111111111111-g179" {"aggregation_type":"count","code":"count_calls","external_subscription_id":"no_such_sub","organization_id":"11111111-1111-1111-1111-111111111111","plan_id":"","precise_total_amount_cents":"","properties":{},"subscription_id":"","timestamp":1759320000,"transaction_id":"g179","value":"1"}
key="11111111-1111-1111-1111-111111111111-g180" {"aggregation_type":"count","code":"count_calls","external_subscription_id":"no_such_sub","organization_id":"11111111-1111-1111-1111-111111111111","plan_id":"","precise_total_amount_cents":"","properties":{},"subscription_id":"","timestamp":1759320000,"transaction_id":"g180","value":"1"}
key="11111111-1111-1111-1111-111111111111-g181" {"aggregation_type":"count","code":"count_calls","external_subscription_id":"no_such_sub","organization_id":"11111111-1111-1111-1111-111111111111","plan_id":"","precise_total_amount_cents":"","properties":{},"subscription_id":"","timestamp":1759320000,"transaction_id":"g181","value":"1"}
key="11111111-1111-1111-1111-111111111111-g182" {"aggregation_type":"count","code":"count_calls","external_subscription_id":"no_such_sub","organization_id":"11111111-1111-1111-1111-111111111111","plan_id":"","precise_total_amount_cents":"","properties":{},"subscription_id":"","timestamp":1759320000,"transaction_id":"g182","value":"1"}
key="11111111-1111-1111-1111-111111111111-g183" {"aggregation_type":"count","code":"count_calls","external_subscription_id":"no_such_sub","organization_id":"11111111-1111-1111-1111-111111111111","plan_id":"","precise_total_amount_cents":"","properties":{},"subscription_id":"","timestamp":1759320000,"transaction_id":"g183","value":"1"}
key="11111111-1111-1111-1111-111111111111-g184" {"aggregation_type":"count","code":"count_calls","external_subscription_id":"no_such_sub","organization_id":"11111111-1111-1111-1111-111111111111","plan_id":"","precise_total_amount_cents":"","properties":{},"subscription_id":"","timestamp":1759320000,"transaction_id":"g184","value":"1"}
key="11111111-1111-1111-1111-111111111111-g185" {"aggregation_type":"count","code":"count_calls","external_subscription_id":"no_such_sub","organization_id":"11111111-1111-1111-1111-111111111111","plan_id":"","precise_total_amount_cents":"","properties":{},"subscription_id":"","timestamp":1759320000,"transaction_id":"g185","value":"1"}
key="11111111-1111-1111-1111-111111111111-g186" {"aggregation_type":"count","code":"count_calls","external_subscription_id":"no_such_sub","organization_id":"11111111-1111-1111-1111-111111111111","plan_id":"","precise_total_amount_cents":"","properties":{},"subscription_id":"","timestamp":1759320000,"transaction_id":"g186","value":"1"}
key="11111111-1111-1111-1111-111111111111-g187" {"aggregation_type":"count","code":"count_calls","external_subscription_id":"no_such_sub","organization_id":"11111111-1111-1111-1111-111111111111","plan_id":"","precise_total_amount_cents":"","properties":{},"subscription_id":"","timestamp":1759320000,"transaction_id":"g187","value":"1"}
key="11111111-1111-1111-1111-111111111111-g188" {"aggregation_type":"count","code":"count_calls","external_subscription_id":"no_such_sub","organization_id":"11111111-1111-1111-1111-111111111111","plan_id":"","precise_total_amount_cents":"","properties":{},"subscription_id":"","timestamp":1759320000,"transaction_id":"g188","value":"1"}
key="11111111-1111-1111-1111-111111111111-g189" {"aggregation_type":"count","code":"count_calls","external_subscription_id":"no_such_sub","organization_id":"11111111-1111-1111-1111-111111111111","plan_id":"","precise_total_amount_cents":"","properties":{},"subscription_id":"","timestamp":1759320000,"transaction_id":"g189","value":"1"}
key="11111111-1111-1111-1111-111111111111-g190" {"aggregation_type":"count","code":"count_calls","external_subscription_id":"no_such_sub","organization_id":"11111111-1111-1111-1111-111111111111","plan_id":"","precise_total_amount_cents":"","properties":{},"subscription_id":"","timestamp":1759320000,"transaction_id":"g190","value":"1"}
key="11111111-1111-1111-1111-111111111111-g191" {"aggregation_type":"count","code":"count_calls","external_subscription_id":"no_such_sub","organization_id":"11111111-1111-1111-1111-111111111111","plan_id":"","precise_total_amount_cents":"","properties":{},"subscription_id":"","timestamp":1759320000,"transaction_id":"g191","value":"1"}
key="11111111-1111-1111-1111-111111111111-g192" {"aggregation_type":"count","code":"count_calls","external_subscription_id":"no_such_sub","organization_id":"11111111-1111-1111-1111-111111111111","plan_id":"","precise_total_amount_cents":"","properties":{},"subscription_id":"","timestamp":1759320000,"transaction_id":"g192","value":"1"}
key="11111111-1111-1111-1111-111111111111-g193" {"aggregation_type":"count","code":"count_calls","external_subscription_id":"no_such_sub","organization_id":"11111111-1111-1111-1111-111111111111","plan_id":"","precise_total_amount_cents":"","properties":{},"subscription_id":"","timestamp":1759320000,"transaction_id":"g193","value":"1"}
key="11111111-1111-1111-1111-111111111111-g194" {"aggregation_type":"count","code":"count_calls","external_subscription_id":"no_such_sub","organization_id":"11111111-1111-1111-1111-111111111111","plan_id":"","precise_total_amount_cents":"","properties":{},"subscription_id":"","timestamp":1759320000,"transaction_id":"g194","value":"1"}
key="11111111-1111-1111-1111-111111111111-g195" {"aggregation_type":"count","code":"count_calls","external_subscription_id":"no_such_sub","organization_id":"11111111-1111-1111-1111-111111111111","plan_id":"","precise_total_amount_cents":"","properties":{},"subscription_id":"","timestamp":1759320000,"transaction_id":"g195","value":"1"}
key="11111111-1111-1111-1111-111111111111-g196" {"aggregation_type":"count","code":"count_calls","external_subscription_id":"no_such_sub","organization_id":"11111111-1111-1111-1111-111111111111","plan_id":"","precise_total_amount_cents":"","properties":{},"subscription_id":"","timestamp":1759320000,"transaction_id":"g196","value":"1"}
key="11111111-1111-1111-1111-111111111111-g197" {"aggregation_type":"count","code":"count_calls","external_subscription_id":"no_such_sub","organization_id":"11111111-1111-1111-1111-111111111111","plan_id":"","precise_total_amount_cents":"","properties":{},"subscription_id":"","timestamp":1759320000,"transaction_id":"g197","value":"1"}
key="11111111-1111-1111-1111-111111111111-g198" {"aggregation_type":"count","code":"count_calls","external_subscription_id":"no_such_sub","organization_id":"11111111-1111-1111-1111-111111111111","plan_id":"","precise_total_amount_cents":"","properties":{},"subscription_id":"","timestamp":1759320000,"transaction_id":"g198","value":"1"}
key="11111111-1111-1111-1111-111111111111-g199" {"aggregation_type":"count","code":"count_calls","external_subscription_id":"no_such_sub","organization_id":"11111111-1111-1111-1111-111111111111","plan_id":"","precise_total_amount_cents":"","properties":{},"subscription_id":"","timestamp":1759320000,"transaction_id":"g199","value":"1"}
[topic events_charged_in_advance] 0 record(s)
[topic events_dead_letter] 0 record(s)
[commits] group=epconf_events-raw
p0 end=200 committed=200
[redis subscription_refreshed_v2] 0 distinct masked member(s), 0 invalid
[process]
exit_after_sigterm=0
starts=2
group_present=true other_groups=0
