# epconf golden v1 scenario=EPC-08-time-formats mode=db
[ledger] label partition:offset class enriched/in_advance/dlq committed
t_str_ms p0:o0 ENRICHED e=1 a=0 d=0 committed=true
t_str_us p0:o1 ENRICHED e=1 a=0 d=0 committed=true
t_str_int p0:o2 ENRICHED e=1 a=0 d=0 committed=true
t_num_int p0:o3 ENRICHED e=1 a=0 d=0 committed=true
t_num_float p0:o4 ENRICHED e=1 a=0 d=0 committed=true
t_num_exp p0:o5 ENRICHED e=1 a=0 d=0 committed=true
t_rfc_z p0:o6 ENRICHED e=1 a=0 d=0 committed=true
t_rfc_ms p0:o7 ENRICHED e=1 a=0 d=0 committed=true
t_rfc_off p0:o8 ENRICHED e=1 a=0 d=0 committed=true
t_space p0:o9 DLQ e=0 a=0 d=1 codes="build_enriched_event" committed=true
t_ms_epoch p0:o10 ENRICHED e=1 a=0 d=0 committed=true
t_neg p0:o11 ENRICHED e=1 a=0 d=0 committed=true
t_str_exp p0:o12 ENRICHED e=1 a=0 d=0 committed=true
t_bool p0:o13 DLQ e=0 a=0 d=1 codes="build_enriched_event" committed=true
t_null p0:o14 DLQ e=0 a=0 d=1 codes="build_enriched_event" committed=true
t_obj p0:o15 DLQ e=0 a=0 d=1 codes="build_enriched_event" committed=true
t_empty p0:o16 DLQ e=0 a=0 d=1 codes="build_enriched_event" committed=true
t_absent p0:o17 DLQ e=0 a=0 d=1 codes="build_enriched_event" committed=true
t_nan p0:o18 NO_OUTPUT_COMMITTED e=0 a=0 d=0 committed=true
t_inf p0:o19 NO_OUTPUT_COMMITTED e=0 a=0 d=0 committed=true
t_hex p0:o20 ENRICHED e=1 a=0 d=0 committed=true
[unattributed outputs] 0
[topic events_enriched] 13 record(s)
key="11111111-1111-1111-1111-111111111111-t_hex" {"aggregation_type":"count","code":"count_calls","external_subscription_id":"no_such_sub","organization_id":"11111111-1111-1111-1111-111111111111","plan_id":"","precise_total_amount_cents":"","properties":{},"subscription_id":"","timestamp":1740869280,"transaction_id":"t_hex","value":"1"}
key="11111111-1111-1111-1111-111111111111-t_ms_epoch" {"aggregation_type":"count","code":"count_calls","external_subscription_id":"no_such_sub","organization_id":"11111111-1111-1111-1111-111111111111","plan_id":"","precise_total_amount_cents":"","properties":{},"subscription_id":"","timestamp":1741007009123,"transaction_id":"t_ms_epoch","value":"1"}
key="11111111-1111-1111-1111-111111111111-t_neg" {"aggregation_type":"count","code":"count_calls","external_subscription_id":"no_such_sub","organization_id":"11111111-1111-1111-1111-111111111111","plan_id":"","precise_total_amount_cents":"","properties":{},"subscription_id":"","timestamp":-1,"transaction_id":"t_neg","value":"1"}
key="11111111-1111-1111-1111-111111111111-t_num_exp" {"aggregation_type":"count","code":"count_calls","external_subscription_id":"no_such_sub","organization_id":"11111111-1111-1111-1111-111111111111","plan_id":"","precise_total_amount_cents":"","properties":{},"subscription_id":"","timestamp":1741007009,"transaction_id":"t_num_exp","value":"1"}
key="11111111-1111-1111-1111-111111111111-t_num_float" {"aggregation_type":"count","code":"count_calls","external_subscription_id":"no_such_sub","organization_id":"11111111-1111-1111-1111-111111111111","plan_id":"","precise_total_amount_cents":"","properties":{},"subscription_id":"","timestamp":1741007009.123456,"transaction_id":"t_num_float","value":"1"}
key="11111111-1111-1111-1111-111111111111-t_num_int" {"aggregation_type":"count","code":"count_calls","external_subscription_id":"no_such_sub","organization_id":"11111111-1111-1111-1111-111111111111","plan_id":"","precise_total_amount_cents":"","properties":{},"subscription_id":"","timestamp":1741007009,"transaction_id":"t_num_int","value":"1"}
key="11111111-1111-1111-1111-111111111111-t_rfc_ms" {"aggregation_type":"count","code":"count_calls","external_subscription_id":"no_such_sub","organization_id":"11111111-1111-1111-1111-111111111111","plan_id":"","precise_total_amount_cents":"","properties":{},"subscription_id":"","timestamp":1741007009.344,"transaction_id":"t_rfc_ms","value":"1"}
key="11111111-1111-1111-1111-111111111111-t_rfc_off" {"aggregation_type":"count","code":"count_calls","external_subscription_id":"no_such_sub","organization_id":"11111111-1111-1111-1111-111111111111","plan_id":"","precise_total_amount_cents":"","properties":{},"subscription_id":"","timestamp":1741007009.123,"transaction_id":"t_rfc_off","value":"1"}
key="11111111-1111-1111-1111-111111111111-t_rfc_z" {"aggregation_type":"count","code":"count_calls","external_subscription_id":"no_such_sub","organization_id":"11111111-1111-1111-1111-111111111111","plan_id":"","precise_total_amount_cents":"","properties":{},"subscription_id":"","timestamp":1741007009,"transaction_id":"t_rfc_z","value":"1"}
key="11111111-1111-1111-1111-111111111111-t_str_exp" {"aggregation_type":"count","code":"count_calls","external_subscription_id":"no_such_sub","organization_id":"11111111-1111-1111-1111-111111111111","plan_id":"","precise_total_amount_cents":"","properties":{},"subscription_id":"","timestamp":1741007009,"transaction_id":"t_str_exp","value":"1"}
key="11111111-1111-1111-1111-111111111111-t_str_int" {"aggregation_type":"count","code":"count_calls","external_subscription_id":"no_such_sub","organization_id":"11111111-1111-1111-1111-111111111111","plan_id":"","precise_total_amount_cents":"","properties":{},"subscription_id":"","timestamp":1741007009,"transaction_id":"t_str_int","value":"1"}
key="11111111-1111-1111-1111-111111111111-t_str_ms" {"aggregation_type":"count","code":"count_calls","external_subscription_id":"no_such_sub","organization_id":"11111111-1111-1111-1111-111111111111","plan_id":"","precise_total_amount_cents":"","properties":{},"subscription_id":"","timestamp":1741007009.123,"transaction_id":"t_str_ms","value":"1"}
key="11111111-1111-1111-1111-111111111111-t_str_us" {"aggregation_type":"count","code":"count_calls","external_subscription_id":"no_such_sub","organization_id":"11111111-1111-1111-1111-111111111111","plan_id":"","precise_total_amount_cents":"","properties":{},"subscription_id":"","timestamp":1741007009.123,"transaction_id":"t_str_us","value":"1"}
[topic events_charged_in_advance] 0 record(s)
[topic events_dead_letter] 6 record(s)
key=<none> {"error_code":"build_enriched_event","error_message":"Error while converting event to enriched event","event":{"code":"count_calls","external_subscription_id":"no_such_sub","ingested_at":"<NOW-0h:2006-01-02T15:04:05>","organization_id":"11111111-1111-1111-1111-111111111111","precise_total_amount_cents":"","properties":{},"source_metadata":null,"timestamp":"","transaction_id":"t_empty"},"failed_at":"<RFC3339>","initial_error_message":"strconv.ParseFloat: parsing \"\": invalid syntax"}
key=<none> {"error_code":"build_enriched_event","error_message":"Error while converting event to enriched event","event":{"code":"count_calls","external_subscription_id":"no_such_sub","ingested_at":"<NOW-0h:2006-01-02T15:04:05>","organization_id":"11111111-1111-1111-1111-111111111111","precise_total_amount_cents":"","properties":{},"source_metadata":null,"timestamp":"2025-03-03 13:03:29","transaction_id":"t_space"},"failed_at":"<RFC3339>","initial_error_message":"strconv.ParseFloat: parsing \"2025-03-03 13:03:29\": invalid syntax"}
key=<none> {"error_code":"build_enriched_event","error_message":"Error while converting event to enriched event","event":{"code":"count_calls","external_subscription_id":"no_such_sub","ingested_at":"<NOW-0h:2006-01-02T15:04:05>","organization_id":"11111111-1111-1111-1111-111111111111","precise_total_amount_cents":"","properties":{},"source_metadata":null,"timestamp":null,"transaction_id":"t_absent"},"failed_at":"<RFC3339>","initial_error_message":"Unsupported timestamp type: <nil>"}
key=<none> {"error_code":"build_enriched_event","error_message":"Error while converting event to enriched event","event":{"code":"count_calls","external_subscription_id":"no_such_sub","ingested_at":"<NOW-0h:2006-01-02T15:04:05>","organization_id":"11111111-1111-1111-1111-111111111111","precise_total_amount_cents":"","properties":{},"source_metadata":null,"timestamp":null,"transaction_id":"t_null"},"failed_at":"<RFC3339>","initial_error_message":"Unsupported timestamp type: <nil>"}
key=<none> {"error_code":"build_enriched_event","error_message":"Error while converting event to enriched event","event":{"code":"count_calls","external_subscription_id":"no_such_sub","ingested_at":"<NOW-0h:2006-01-02T15:04:05>","organization_id":"11111111-1111-1111-1111-111111111111","precise_total_amount_cents":"","properties":{},"source_metadata":null,"timestamp":true,"transaction_id":"t_bool"},"failed_at":"<RFC3339>","initial_error_message":"Unsupported timestamp type: bool"}
key=<none> {"error_code":"build_enriched_event","error_message":"Error while converting event to enriched event","event":{"code":"count_calls","external_subscription_id":"no_such_sub","ingested_at":"<NOW-0h:2006-01-02T15:04:05>","organization_id":"11111111-1111-1111-1111-111111111111","precise_total_amount_cents":"","properties":{},"source_metadata":null,"timestamp":{"a":1},"transaction_id":"t_obj"},"failed_at":"<RFC3339>","initial_error_message":"Unsupported timestamp type: map[string]interface {}"}
[commits] group=epconf_events-raw
p0 end=21 committed=21
[redis subscription_refreshed_v2] 0 distinct masked member(s), 0 invalid
[process]
exit_after_sigterm=0
starts=1
group_present=true other_groups=0
